../Core/Src/main.c:68:6:WS2812B_Send	8	static
../Core/Src/main.c:79:6:HAL_TIM_PWM_PulseFinishedCallback	16	static
../Core/Src/main.c:89:5:main	8	static
../Core/Src/main.c:155:6:SystemClock_Config	72	static
../Core/Src/main.c:195:13:MX_TIM2_Init	64	static
../Core/Src/main.c:254:13:MX_USART2_UART_Init	8	static
../Core/Src/main.c:285:13:MX_DMA_Init	16	static
../Core/Src/main.c:303:13:MX_GPIO_Init	40	static
../Core/Src/main.c:342:6:set_LED_color	24	static
../Core/Src/main.c:367:6:Error_Handler	4	static,ignoring_inline_asm
