../Core/Src/main.c:77:5:main	16	static
../Core/Src/main.c:146:6:SystemClock_Config	72	static
../Core/Src/main.c:185:13:MX_USART1_UART_Init	8	static
../Core/Src/main.c:218:13:MX_USART2_UART_Init	8	static
../Core/Src/main.c:251:13:MX_GPIO_Init	40	static
../Core/Src/main.c:291:13:sendString	16	static
../Core/Src/main.c:296:6:afisare	40	static
../Core/Src/main.c:316:6:readChar	16	static
../Core/Src/main.c:328:7:victorie	16	static
../Core/Src/main.c:370:13:mutareX	16	static
../Core/Src/main.c:403:13:mutare0	32	static
../Core/Src/main.c:461:6:Error_Handler	4	static,ignoring_inline_asm
